// Jest Snapshot v1, https://goo.gl/fbAQLP

exports[`Character card test Should take snapshot of card 1`] = `
<DocumentFragment>
  <div
    class="characterCard"
  >
    <img
      alt="character"
      class="characterCard__img"
      src="https://rickandmortyapi.com/api/character/avatar/1.jpeg"
    />
    <div
      class="characterCard__content"
    >
      <div
        class="characterCard__top"
      >
        <h3
          class="characterCard__name"
        >
          Rick Sanchez
        </h3>
        <p
          class="characterCard__status"
        >
          Alive
          <span
            class="Alive"
          />
        </p>
      </div>
      <div
        class="characterCard__desc"
      >
        <div
          class="characterCard__block"
        >
          <div
            class="characterCard__info"
          >
            <p
              class="characterCard__info--title"
            >
              Gender
            </p>
            <p
              class="characterCard__info--text"
            >
              Alive
            </p>
          </div>
          <div
            class="characterCard__info"
          >
            <p
              class="characterCard__info--title"
            >
              Specie
            </p>
            <p
              class="characterCard__info--text"
            >
              Human
            </p>
          </div>
        </div>
        <h4>
          ORIGIN INFORMATION
        </h4>
        <div
          class="characterCard__block"
        >
          <div
            class="characterCard__info"
          >
            <p
              class="characterCard__info--title"
            >
              NAME
            </p>
            <p
              class="characterCard__info--text"
            >
              Earth (Replacement Dimension)
            </p>
          </div>
          <div
            class="characterCard__info"
          >
            <p
              class="characterCard__info--title"
            >
              DIMENSION
            </p>
            <p
              class="characterCard__info--text"
            >
              Earth (Replacement Dimension)
            </p>
          </div>
          <div
            class="characterCard__info"
          >
            <p
              class="characterCard__info--title"
            >
              RESIDENTS
            </p>
            <p
              class="characterCard__info--text"
            >
              3
            </p>
          </div>
        </div>
        <h4>
          LOCATION INFORMATION
        </h4>
        <div
          class="characterCard__block"
        >
          <div
            class="characterCard__info"
          >
            <p
              class="characterCard__info--title"
            >
              NAME
            </p>
            <p
              class="characterCard__info--text"
            >
              Earth (Replacement Dimension)
            </p>
          </div>
          <div
            class="characterCard__info"
          >
            <p
              class="characterCard__info--title"
            >
              DIMENSION
            </p>
            <p
              class="characterCard__info--text"
            >
              Earth (Replacement Dimension)
            </p>
          </div>
          <div
            class="characterCard__info"
          >
            <p
              class="characterCard__info--title"
            >
              RESIDENTS
            </p>
            <p
              class="characterCard__info--text"
            >
              3
            </p>
          </div>
        </div>
        <div
          class="characterCard__block"
        >
          <div
            class="characterCard__info"
          >
            <p
              class="characterCard__info--title"
            >
              CHAPTERS
            </p>
            <div
              class="characterCard__info--text"
            >
              <p>
                Character featured in 
                <span>
                  2
                </span>
                 chapters
              </p>
              <button>
                View Chapter information
              </button>
            </div>
          </div>
        </div>
      </div>
    </div>
  </div>
</DocumentFragment>
`;
